// Jest Snapshot v1, https://goo.gl/fbAQLP

exports[`should render according to snapshot 1`] = `
<DocumentFragment>
  <a
    class="mylink"
    href="http://www.google.se"
  >
    click here
  </a>
</DocumentFragment>
`;
